// Jest Snapshot v1, https://goo.gl/fbAQLP

exports[`button 1`] = `
.c0 {
  background: #c76863;
  border-color: #c76863;
  font-weight: bold;
  border-radius: 3px;
  border-style: solid;
  font-size: 16px;
  color: black;
  width: -webkit-fit-content;
  width: -moz-fit-content;
  width: fit-content;
  height: -webkit-fit-content;
  height: -moz-fit-content;
  height: fit-content;
  padding: 0.5em 1em;
}

<button
  className="c0"
/>
`;

exports[`multi select 1`] = `
.c1 {
  width: -webkit-fit-content;
  width: -moz-fit-content;
  width: fit-content;
  font-family: Roboto,Helvetica,Arial,sans-serif;
  margin: 0;
  padding-right: 0.5rem;
}

.c0 {
  margin: 0 0.2rem;
  display: grid;
  grid-template-columns: 1fr;
  grid-auto-rows: auto;
  -webkit-box-pack: start;
  -webkit-justify-content: start;
  -ms-flex-pack: start;
  justify-content: start;
  -webkit-align-items: center;
  -webkit-box-align: center;
  -ms-flex-align: center;
  align-items: center;
  -webkit-flex-flow: wrap;
  -ms-flex-flow: wrap;
  flex-flow: wrap;
}

<div
  className="c0"
>
  <label
    className="c1"
  />
  <div
    className=" css-b62m3t-container"
    onKeyDown={[Function]}
  >
    <span
      className="css-1f43avz-a11yText-A11yText"
      id="react-select-2-live-region"
    />
    <span
      aria-atomic="false"
      aria-live="polite"
      aria-relevant="additions text"
      className="css-1f43avz-a11yText-A11yText"
    />
    <div
      className=" css-1s2u09g-control"
      onMouseDown={[Function]}
      onTouchEnd={[Function]}
    >
      <div
        className=" css-319lph-ValueContainer"
      >
        <div
          className=" css-14el2xx-placeholder"
          id="react-select-2-placeholder"
        >
          Select...
        </div>
        <div
          className=" css-6j8wv5-Input"
          data-value=""
        >
          <input
            aria-autocomplete="list"
            aria-describedby="react-select-2-placeholder"
            aria-expanded={false}
            aria-haspopup={true}
            autoCapitalize="none"
            autoComplete="off"
            autoCorrect="off"
            className=""
            disabled={false}
            id="react-select-2-input"
            onBlur={[Function]}
            onChange={[Function]}
            onFocus={[Function]}
            role="combobox"
            spellCheck="false"
            style={
              Object {
                "background": 0,
                "border": 0,
                "color": "inherit",
                "font": "inherit",
                "gridArea": "1 / 2",
                "label": "input",
                "margin": 0,
                "minWidth": "2px",
                "opacity": 1,
                "outline": 0,
                "padding": 0,
                "width": "100%",
              }
            }
            tabIndex={0}
            type="text"
            value=""
          />
        </div>
      </div>
      <div
        className=" css-1hb7zxy-IndicatorsContainer"
      >
        <span
          className=" css-1okebmr-indicatorSeparator"
        />
        <div
          aria-hidden="true"
          className=" css-tlfecz-indicatorContainer"
          onMouseDown={[Function]}
          onTouchEnd={[Function]}
        >
          <svg
            aria-hidden="true"
            className="css-tj5bde-Svg"
            focusable="false"
            height={20}
            viewBox="0 0 20 20"
            width={20}
          >
            <path
              d="M4.516 7.548c0.436-0.446 1.043-0.481 1.576 0l3.908 3.747 3.908-3.747c0.533-0.481 1.141-0.446 1.574 0 0.436 0.445 0.408 1.197 0 1.615-0.406 0.418-4.695 4.502-4.695 4.502-0.217 0.223-0.502 0.335-0.787 0.335s-0.57-0.112-0.789-0.335c0 0-4.287-4.084-4.695-4.502s-0.436-1.17 0-1.615z"
            />
          </svg>
        </div>
      </div>
    </div>
  </div>
</div>
`;

exports[`scrollbar 1`] = `
<div
  style={
    Object {
      "height": "auto",
      "maxHeight": 400,
      "minHeight": 100,
      "overflow": "hidden",
      "position": "relative",
      "width": "100%",
    }
  }
>
  <div
    style={
      Object {
        "WebkitOverflowScrolling": "touch",
        "bottom": undefined,
        "left": undefined,
        "marginBottom": 0,
        "marginRight": 0,
        "maxHeight": 400,
        "minHeight": 100,
        "overflow": "scroll",
        "position": "relative",
        "right": undefined,
        "top": undefined,
      }
    }
  />
  <div
    style={
      Object {
        "borderRadius": 3,
        "bottom": 2,
        "display": "none",
        "height": 6,
        "left": 2,
        "position": "absolute",
        "right": 2,
      }
    }
  >
    <div
      style={
        Object {
          "backgroundColor": "#122964",
          "display": "block",
          "height": "100%",
          "position": "relative",
        }
      }
    />
  </div>
  <div
    style={
      Object {
        "borderRadius": 3,
        "bottom": 2,
        "display": "none",
        "position": "absolute",
        "right": 2,
        "top": 2,
        "width": 6,
      }
    }
  >
    <div
      style={
        Object {
          "backgroundColor": "#122964",
          "display": "block",
          "position": "relative",
          "width": "100%",
        }
      }
    />
  </div>
</div>
`;
